{
  "strValue": "this is string",
  "sub": {
    "strValue": "this is sub string",
    "arrayOfValues": [
      "Test1",
      "test2"
    ]
  },
  "elements": [
    {
      "_type": "Button",
      "name": "btnSave",
      "text": "This is button"
    },
    {
      "_type": "Label",
      "for": "btnSave",
      "text": "This is label"
    }
  ],
  "btn": {
    "_type": "Button",
    "name": "btnSearch",
    "text": "this is button property"
  },
  "colour": "green",
  "sectionNames": [
    "section-one",
    "section-two"
  ],
  "sectionIntValues": [
    1,
    2
  ]
}